=== WinMain started ===
Calling ShowLauncherDialog...
[Launcher] ShowLauncherDialog entered
[Launcher] Registering window class...
[Launcher] Window class registered successfully
[Launcher] Creating launcher window...
[Launcher] Launcher window created successfully
[Launcher] Showing window...
[Launcher] Window shown, entering message loop...
[Launcher] Message loop exited after 75 messages, g_selectedMode = 0
[Launcher] ShowLauncherDialog exiting
ShowLauncherDialog returned: None
=== WinMain started ===
Calling ShowLauncherDialog...
[Launcher] ShowLauncherDialog entered
[Launcher] Registering window class...
[Launcher] Window class registered successfully
[Launcher] Creating launcher window...
[Launcher] Launcher window created successfully
[Launcher] Showing window...
[Launcher] Window shown, entering message loop...
[Launcher] Message loop exited after 689 messages, g_selectedMode = 1
[Launcher] ShowLauncherDialog exiting
ShowLauncherDialog returned: SandSimulator
=== WinMain started ===
Calling ShowLauncherDialog...
[Launcher] ShowLauncherDialog entered
[Launcher] Registering window class...
[Launcher] Window class registered successfully
[Launcher] Creating launcher window...
[Launcher] Launcher window created successfully
[Launcher] Showing window...
[Launcher] Window shown, entering message loop...
[Launcher] Message loop exited after 117 messages, g_selectedMode = 1
[Launcher] ShowLauncherDialog exiting
ShowLauncherDialog returned: SandSimulator
=== WinMain started ===
Calling ShowLauncherDialog...
[Launcher] ShowLauncherDialog entered
[Launcher] Registering window class...
[Launcher] Window class registered successfully
[Launcher] Creating launcher window...
[Launcher] Launcher window created successfully
[Launcher] Showing window...
[Launcher] Window shown, entering message loop...
[Launcher] Message loop exited after 416 messages, g_selectedMode = 1
[Launcher] ShowLauncherDialog exiting
ShowLauncherDialog returned: SandSimulator
=== WinMain started ===
Calling ShowLauncherDialog...
[Launcher] ShowLauncherDialog entered
[Launcher] Registering window class...
[Launcher] Window class registered successfully
[Launcher] Creating launcher window...
[Launcher] Launcher window created successfully
[Launcher] Showing window...
[Launcher] Window shown, entering message loop...
[Launcher] Message loop exited after 172 messages, g_selectedMode = 2
[Launcher] ShowLauncherDialog exiting
ShowLauncherDialog returned: Sandbox
=== WinMain started ===
Calling ShowLauncherDialog...
[Launcher] ShowLauncherDialog entered
[Launcher] Registering window class...
[Launcher] Window class registered successfully
[Launcher] Creating launcher window...
[Launcher] Launcher window created successfully
[Launcher] Showing window...
[Launcher] Window shown, entering message loop...
[Launcher] Message loop exited after 226 messages, g_selectedMode = 1
[Launcher] ShowLauncherDialog exiting
ShowLauncherDialog returned: SandSimulator
=== WinMain started ===
Calling ShowLauncherDialog...
[Launcher] ShowLauncherDialog entered
[Launcher] Registering window class...
[Launcher] Window class registered successfully
[Launcher] Creating launcher window...
[Launcher] Launcher window created successfully
[Launcher] Showing window...
[Launcher] Window shown, entering message loop...
[Launcher] Message loop exited after 664 messages, g_selectedMode = 1
[Launcher] ShowLauncherDialog exiting
ShowLauncherDialog returned: SandSimulator
=== WinMain started ===
Calling ShowLauncherDialog...
[Launcher] ShowLauncherDialog entered
[Launcher] Registering window class...
[Launcher] Window class registered successfully
[Launcher] Creating launcher window...
[Launcher] Launcher window created successfully
[Launcher] Showing window...
[Launcher] Window shown, entering message loop...
[Launcher] Message loop exited after 582 messages, g_selectedMode = 2
[Launcher] ShowLauncherDialog exiting
ShowLauncherDialog returned: Sandbox
=== WinMain started ===
Calling ShowLauncherDialog...
[Launcher] ShowLauncherDialog entered
[Launcher] Registering window class...
[Launcher] Window class registered successfully
[Launcher] Creating launcher window...
[Launcher] Launcher window created successfully
[Launcher] Showing window...
[Launcher] Window shown, entering message loop...
[Launcher] Message loop exited after 239 messages, g_selectedMode = 1
[Launcher] ShowLauncherDialog exiting
ShowLauncherDialog returned: SandSimulator
=== WinMain started ===
Calling ShowLauncherDialog...
[Launcher] ShowLauncherDialog entered
[Launcher] Registering window class...
[Launcher] Window class registered successfully
[Launcher] Creating launcher window...
[Launcher] Launcher window created successfully
[Launcher] Showing window...
[Launcher] Window shown, entering message loop...
[Launcher] Message loop exited after 108 messages, g_selectedMode = 2
[Launcher] ShowLauncherDialog exiting
ShowLauncherDialog returned: Sandbox
